${MEISHAV100_ROOT}/hw/d2dv100_top/rtl/top/MEISHAV100_DEFINE.v
${MEISHAV100_ROOT}/hw/d2dv100_top/rtl/top/subsystem/ALU.v
${MEISHAV100_ROOT}/hw/d2dv100_top/rtl/top/subsystem/AMOALU.v
${MEISHAV100_ROOT}/hw/d2dv100_top/rtl/top/subsystem/Arbiter.v
${MEISHAV100_ROOT}/hw/d2dv100_top/rtl/top/subsystem/Arbiter_1.v
${MEISHAV100_ROOT}/hw/d2dv100_top/rtl/top/subsystem/BTB.v
${MEISHAV100_ROOT}/hw/d2dv100_top/rtl/top/subsystem/BreakpointUnit.v
${MEISHAV100_ROOT}/hw/d2dv100_top/rtl/top/subsystem/CSRFile.v
${MEISHAV100_ROOT}/hw/d2dv100_top/rtl/top/subsystem/CompareRecFN.v
${MEISHAV100_ROOT}/hw/d2dv100_top/rtl/top/subsystem/DCache.v
${MEISHAV100_ROOT}/hw/d2dv100_top/rtl/cbb/DCacheDataArray.v
${MEISHAV100_ROOT}/hw/d2dv100_top/rtl/top/subsystem/DivSqrtRecFNToRaw_small.v
${MEISHAV100_ROOT}/hw/d2dv100_top/rtl/top/subsystem/DivSqrtRecFNToRaw_small_1.v
${MEISHAV100_ROOT}/hw/d2dv100_top/rtl/top/subsystem/DivSqrtRecFN_small.v
${MEISHAV100_ROOT}/hw/d2dv100_top/rtl/top/subsystem/DivSqrtRecFN_small_1.v
${MEISHAV100_ROOT}/hw/d2dv100_top/rtl/top/subsystem/FPToFP.v
${MEISHAV100_ROOT}/hw/d2dv100_top/rtl/top/subsystem/FPToInt.v
${MEISHAV100_ROOT}/hw/d2dv100_top/rtl/top/subsystem/FPU.v
${MEISHAV100_ROOT}/hw/d2dv100_top/rtl/top/subsystem/FPUDecoder.v
${MEISHAV100_ROOT}/hw/d2dv100_top/rtl/top/subsystem/FPUFMAPipe.v
${MEISHAV100_ROOT}/hw/d2dv100_top/rtl/top/subsystem/FPUFMAPipe_1.v
${MEISHAV100_ROOT}/hw/d2dv100_top/rtl/top/subsystem/Frontend.v
${MEISHAV100_ROOT}/hw/d2dv100_top/rtl/top/subsystem/HellaCacheArbiter.v
${MEISHAV100_ROOT}/hw/d2dv100_top/rtl/top/subsystem/IBuf.v
${MEISHAV100_ROOT}/hw/d2dv100_top/rtl/cbb/ICache.v
${MEISHAV100_ROOT}/hw/d2dv100_top/rtl/top/subsystem/INToRecFN.v
${MEISHAV100_ROOT}/hw/d2dv100_top/rtl/top/subsystem/INToRecFN_1.v
${MEISHAV100_ROOT}/hw/d2dv100_top/rtl/top/subsystem/IntSyncCrossingSink.v
${MEISHAV100_ROOT}/hw/d2dv100_top/rtl/top/RocketTile/SynchronizerShiftReg_w1_d3_Rocket.v
${MEISHAV100_ROOT}/hw/d2dv100_top/rtl/top/RocketTile/IntSyncCrossingSink_Rocket.v
${MEISHAV100_ROOT}/hw/d2dv100_top/rtl/top/subsystem/IntSyncCrossingSink_1.v
${MEISHAV100_ROOT}/hw/d2dv100_top/rtl/top/subsystem/IntSyncCrossingSink_2.v
${MEISHAV100_ROOT}/hw/d2dv100_top/rtl/top/subsystem/IntToFP.v
${MEISHAV100_ROOT}/hw/d2dv100_top/rtl/top/subsystem/IntXbar_1.v
${MEISHAV100_ROOT}/hw/d2dv100_top/rtl/top/subsystem/MulAddRecFNPipe.v
${MEISHAV100_ROOT}/hw/d2dv100_top/rtl/top/subsystem/MulAddRecFNPipe_1.v
${MEISHAV100_ROOT}/hw/d2dv100_top/rtl/top/subsystem/MulAddRecFNToRaw_postMul.v
${MEISHAV100_ROOT}/hw/d2dv100_top/rtl/top/subsystem/MulAddRecFNToRaw_postMul_1.v
${MEISHAV100_ROOT}/hw/d2dv100_top/rtl/top/subsystem/MulAddRecFNToRaw_preMul.v
${MEISHAV100_ROOT}/hw/d2dv100_top/rtl/top/subsystem/MulAddRecFNToRaw_preMul_1.v
${MEISHAV100_ROOT}/hw/d2dv100_top/rtl/top/subsystem/MulDiv.v
${MEISHAV100_ROOT}/hw/d2dv100_top/rtl/top/subsystem/PMPChecker.v
${MEISHAV100_ROOT}/hw/d2dv100_top/rtl/top/subsystem/PMPChecker_1.v
${MEISHAV100_ROOT}/hw/d2dv100_top/rtl/top/subsystem/PTW.v
${MEISHAV100_ROOT}/hw/d2dv100_top/rtl/top/subsystem/PlusArgTimeout.v
${MEISHAV100_ROOT}/hw/d2dv100_top/rtl/top/subsystem/Queue/Queue_18.v
${MEISHAV100_ROOT}/hw/d2dv100_top/rtl/top/subsystem/Queue/Queue_19.v
${MEISHAV100_ROOT}/hw/d2dv100_top/rtl/top/subsystem/Queue/Queue_20.v
${MEISHAV100_ROOT}/hw/d2dv100_top/rtl/top/subsystem/Queue/Queue_21.v
${MEISHAV100_ROOT}/hw/d2dv100_top/rtl/top/subsystem/Queue/Queue_22.v
${MEISHAV100_ROOT}/hw/d2dv100_top/rtl/top/subsystem/RRArbiter.v
${MEISHAV100_ROOT}/hw/d2dv100_top/rtl/top/subsystem/RVCExpander.v
${MEISHAV100_ROOT}/hw/d2dv100_top/rtl/top/subsystem/RecFNToIN.v
${MEISHAV100_ROOT}/hw/d2dv100_top/rtl/top/subsystem/RecFNToIN_1.v
${MEISHAV100_ROOT}/hw/d2dv100_top/rtl/top/subsystem/RecFNToRecFN.v
${MEISHAV100_ROOT}/hw/d2dv100_top/rtl/top/subsystem/Rocket.v
${MEISHAV100_ROOT}/hw/d2dv100_top/rtl/top/subsystem/RocketTile.v
${MEISHAV100_ROOT}/hw/d2dv100_top/rtl/top/subsystem/RoundAnyRawFNToRecFN.v
${MEISHAV100_ROOT}/hw/d2dv100_top/rtl/top/subsystem/RoundAnyRawFNToRecFN_1.v
${MEISHAV100_ROOT}/hw/d2dv100_top/rtl/top/subsystem/RoundAnyRawFNToRecFN_2.v
${MEISHAV100_ROOT}/hw/d2dv100_top/rtl/top/subsystem/RoundAnyRawFNToRecFN_3.v
${MEISHAV100_ROOT}/hw/d2dv100_top/rtl/top/subsystem/RoundAnyRawFNToRecFN_4.v
${MEISHAV100_ROOT}/hw/d2dv100_top/rtl/top/subsystem/RoundRawFNToRecFN.v
${MEISHAV100_ROOT}/hw/d2dv100_top/rtl/top/subsystem/RoundRawFNToRecFN_1.v
${MEISHAV100_ROOT}/hw/d2dv100_top/rtl/top/subsystem/ShiftQueue.v
${MEISHAV100_ROOT}/hw/d2dv100_top/rtl/top/subsystem/SynchronizerShiftReg_w1_d3.v
${MEISHAV100_ROOT}/hw/d2dv100_top/rtl/top/subsystem/TLB.v
${MEISHAV100_ROOT}/hw/d2dv100_top/rtl/top/subsystem/TLB_1.v
${MEISHAV100_ROOT}/hw/d2dv100_top/rtl/top/subsystem/Buffer/TLBuffer_23.v
${MEISHAV100_ROOT}/hw/d2dv100_top/rtl/top/subsystem/Monitor/TLMonitor_64.v
${MEISHAV100_ROOT}/hw/d2dv100_top/rtl/top/subsystem/Monitor/TLMonitor_65.v
${MEISHAV100_ROOT}/hw/d2dv100_top/rtl/top/subsystem/Monitor/TLMonitor_66.v
${MEISHAV100_ROOT}/hw/d2dv100_top/rtl/top/subsystem/Bus/TLXbar_8.v
${MEISHAV100_ROOT}/hw/d2dv100_top/rtl/cbb/data_arrays_0.v
${MEISHAV100_ROOT}/hw/d2dv100_top/rtl/cbb/data_arrays_0_0.v
${MEISHAV100_ROOT}/hw/d2dv100_top/rtl/cbb/tag_array.v
${MEISHAV100_ROOT}/hw/d2dv100_top/rtl/cbb/tag_array_0.v
${MEISHAV100_ROOT}/hw/d2dv100_top/rtl/ip/plusarg_reader.v
${MEISHAV100_ROOT}/hw/d2dv100_top/rtl/cbb/MaxPeriodFibonacciLFSR.v