${MEISHAV100_ROOT}/hw/d2dv100_top/rtl/top/MEISHAV100_DEFINE.v
${MEISHAV100_ROOT}/hw/d2dv100_top/rtl/openCelerityRocketTile/ALU.v
${MEISHAV100_ROOT}/hw/d2dv100_top/rtl/openCelerityRocketTile/AMOALU.v
${MEISHAV100_ROOT}/hw/d2dv100_top/rtl/openCelerityRocketTile/Arbiter.v
${MEISHAV100_ROOT}/hw/d2dv100_top/rtl/openCelerityRocketTile/Arbiter_1.v
${MEISHAV100_ROOT}/hw/d2dv100_top/rtl/openCelerityRocketTile/Arbiter_2.v
${MEISHAV100_ROOT}/hw/d2dv100_top/rtl/openCelerityRocketTile/BTB.v
${MEISHAV100_ROOT}/hw/d2dv100_top/rtl/openCelerityRocketTile/BreakpointUnit.v
${MEISHAV100_ROOT}/hw/d2dv100_top/rtl/openCelerityRocketTile/CSRFile.v
${MEISHAV100_ROOT}/hw/d2dv100_top/rtl/openCelerityRocketTile/CompareRecFN.v
${MEISHAV100_ROOT}/hw/d2dv100_top/rtl/openCelerityRocketTile/DCache.v
${MEISHAV100_ROOT}/hw/d2dv100_top/rtl/openCelerityRocketTile/DCacheDataArray.v
${MEISHAV100_ROOT}/hw/d2dv100_top/rtl/openCelerityRocketTile/DivSqrtRecFNToRaw_small.v
${MEISHAV100_ROOT}/hw/d2dv100_top/rtl/openCelerityRocketTile/DivSqrtRecFNToRaw_small_1.v
${MEISHAV100_ROOT}/hw/d2dv100_top/rtl/openCelerityRocketTile/DivSqrtRecFN_small.v
${MEISHAV100_ROOT}/hw/d2dv100_top/rtl/openCelerityRocketTile/DivSqrtRecFN_small_1.v
${MEISHAV100_ROOT}/hw/d2dv100_top/rtl/openCelerityRocketTile/FPToFP.v
${MEISHAV100_ROOT}/hw/d2dv100_top/rtl/openCelerityRocketTile/FPToInt.v
${MEISHAV100_ROOT}/hw/d2dv100_top/rtl/openCelerityRocketTile/FPU.v
${MEISHAV100_ROOT}/hw/d2dv100_top/rtl/openCelerityRocketTile/FPUDecoder.v
${MEISHAV100_ROOT}/hw/d2dv100_top/rtl/openCelerityRocketTile/FPUFMAPipe.v
${MEISHAV100_ROOT}/hw/d2dv100_top/rtl/openCelerityRocketTile/FPUFMAPipe_1.v
${MEISHAV100_ROOT}/hw/d2dv100_top/rtl/openCelerityRocketTile/Frontend.v
${MEISHAV100_ROOT}/hw/d2dv100_top/rtl/openCelerityRocketTile/HellaCacheArbiter.v
${MEISHAV100_ROOT}/hw/d2dv100_top/rtl/openCelerityRocketTile/IBuf.v
${MEISHAV100_ROOT}/hw/d2dv100_top/rtl/openCelerityRocketTile/ICache.v
${MEISHAV100_ROOT}/hw/d2dv100_top/rtl/openCelerityRocketTile/INToRecFN.v
${MEISHAV100_ROOT}/hw/d2dv100_top/rtl/openCelerityRocketTile/INToRecFN_1.v
${MEISHAV100_ROOT}/hw/d2dv100_top/rtl/openCelerityRocketTile/IntSyncCrossingSink.v
${MEISHAV100_ROOT}/hw/d2dv100_top/rtl/openCelerityRocketTile/IntSyncCrossingSink_1.v
${MEISHAV100_ROOT}/hw/d2dv100_top/rtl/openCelerityRocketTile/IntSyncCrossingSink_2.v
${MEISHAV100_ROOT}/hw/d2dv100_top/rtl/openCelerityRocketTile/IntToFP.v
${MEISHAV100_ROOT}/hw/d2dv100_top/rtl/openCelerityRocketTile/IntXbar_1.v
${MEISHAV100_ROOT}/hw/d2dv100_top/rtl/openCelerityRocketTile/ManycoreAccelerator.v
${MEISHAV100_ROOT}/hw/d2dv100_top/rtl/openCelerityRocketTile/MulAddRecFNPipe.v
${MEISHAV100_ROOT}/hw/d2dv100_top/rtl/openCelerityRocketTile/MulAddRecFNPipe_1.v
${MEISHAV100_ROOT}/hw/d2dv100_top/rtl/openCelerityRocketTile/MulAddRecFNToRaw_postMul.v
${MEISHAV100_ROOT}/hw/d2dv100_top/rtl/openCelerityRocketTile/MulAddRecFNToRaw_postMul_1.v
${MEISHAV100_ROOT}/hw/d2dv100_top/rtl/openCelerityRocketTile/MulAddRecFNToRaw_preMul.v
${MEISHAV100_ROOT}/hw/d2dv100_top/rtl/openCelerityRocketTile/MulAddRecFNToRaw_preMul_1.v
${MEISHAV100_ROOT}/hw/d2dv100_top/rtl/openCelerityRocketTile/MulDiv.v
${MEISHAV100_ROOT}/hw/d2dv100_top/rtl/openCelerityRocketTile/PMPChecker.v
${MEISHAV100_ROOT}/hw/d2dv100_top/rtl/openCelerityRocketTile/PMPChecker_1.v
${MEISHAV100_ROOT}/hw/d2dv100_top/rtl/openCelerityRocketTile/PTW.v
${MEISHAV100_ROOT}/hw/d2dv100_top/rtl/openCelerityRocketTile/PlusArgTimeout.v
${MEISHAV100_ROOT}/hw/d2dv100_top/rtl/openCelerityRocketTile/Queue_18.v
${MEISHAV100_ROOT}/hw/d2dv100_top/rtl/openCelerityRocketTile/Queue_19.v
${MEISHAV100_ROOT}/hw/d2dv100_top/rtl/openCelerityRocketTile/Queue_20.v
${MEISHAV100_ROOT}/hw/d2dv100_top/rtl/openCelerityRocketTile/Queue_21.v
${MEISHAV100_ROOT}/hw/d2dv100_top/rtl/openCelerityRocketTile/Queue_22.v
${MEISHAV100_ROOT}/hw/d2dv100_top/rtl/openCelerityRocketTile/Queue_23.v
${MEISHAV100_ROOT}/hw/d2dv100_top/rtl/openCelerityRocketTile/Queue_24.v
${MEISHAV100_ROOT}/hw/d2dv100_top/rtl/openCelerityRocketTile/Queue_25.v
${MEISHAV100_ROOT}/hw/d2dv100_top/rtl/openCelerityRocketTile/RRArbiter.v
${MEISHAV100_ROOT}/hw/d2dv100_top/rtl/openCelerityRocketTile/RRArbiter_1.v
${MEISHAV100_ROOT}/hw/d2dv100_top/rtl/openCelerityRocketTile/RVCExpander.v
${MEISHAV100_ROOT}/hw/d2dv100_top/rtl/openCelerityRocketTile/RecFNToIN.v
${MEISHAV100_ROOT}/hw/d2dv100_top/rtl/openCelerityRocketTile/RecFNToIN_1.v
${MEISHAV100_ROOT}/hw/d2dv100_top/rtl/openCelerityRocketTile/RecFNToRecFN.v
${MEISHAV100_ROOT}/hw/d2dv100_top/rtl/openCelerityRocketTile/RoccBlackBox.v
${MEISHAV100_ROOT}/hw/d2dv100_top/rtl/openCelerityRocketTile/RoccCommandRouter.v
${MEISHAV100_ROOT}/hw/d2dv100_top/rtl/openCelerityRocketTile/Rocket.v
${MEISHAV100_ROOT}/hw/d2dv100_top/rtl/openCelerityRocketTile/RocketTile.v
${MEISHAV100_ROOT}/hw/d2dv100_top/rtl/openCelerityRocketTile/RoundAnyRawFNToRecFN.v
${MEISHAV100_ROOT}/hw/d2dv100_top/rtl/openCelerityRocketTile/RoundAnyRawFNToRecFN_1.v
${MEISHAV100_ROOT}/hw/d2dv100_top/rtl/openCelerityRocketTile/RoundAnyRawFNToRecFN_2.v
${MEISHAV100_ROOT}/hw/d2dv100_top/rtl/openCelerityRocketTile/RoundAnyRawFNToRecFN_3.v
${MEISHAV100_ROOT}/hw/d2dv100_top/rtl/openCelerityRocketTile/RoundAnyRawFNToRecFN_4.v
${MEISHAV100_ROOT}/hw/d2dv100_top/rtl/openCelerityRocketTile/RoundRawFNToRecFN.v
${MEISHAV100_ROOT}/hw/d2dv100_top/rtl/openCelerityRocketTile/RoundRawFNToRecFN_1.v
${MEISHAV100_ROOT}/hw/d2dv100_top/rtl/openCelerityRocketTile/ShiftQueue.v
${MEISHAV100_ROOT}/hw/d2dv100_top/rtl/openCelerityRocketTile/SimpleHellaCacheIF.v
${MEISHAV100_ROOT}/hw/d2dv100_top/rtl/openCelerityRocketTile/SimpleHellaCacheIFReplayQueue.v
${MEISHAV100_ROOT}/hw/d2dv100_top/rtl/openCelerityRocketTile/SynchronizerShiftReg_w1_d3.v
${MEISHAV100_ROOT}/hw/d2dv100_top/rtl/openCelerityRocketTile/TLB.v
${MEISHAV100_ROOT}/hw/d2dv100_top/rtl/openCelerityRocketTile/TLB_1.v
${MEISHAV100_ROOT}/hw/d2dv100_top/rtl/openCelerityRocketTile/TLBuffer_23.v
${MEISHAV100_ROOT}/hw/d2dv100_top/rtl/openCelerityRocketTile/TLMonitor_64.v
${MEISHAV100_ROOT}/hw/d2dv100_top/rtl/openCelerityRocketTile/TLMonitor_65.v
${MEISHAV100_ROOT}/hw/d2dv100_top/rtl/openCelerityRocketTile/TLMonitor_66.v
${MEISHAV100_ROOT}/hw/d2dv100_top/rtl/openCelerityRocketTile/TLXbar_8.v