${MEISHAV100_ROOT}/hw/d2dv100_top/rtl/ip/common_cells-1.31.1/include/common_cells/registers.svh
//${MEISHAV100_ROOT}/hw/d2dv100_top/rtl/ip/common_cells-1.31.1/include/common_cells/assertions.svh
//${MEISHAV100_ROOT}/hw/d2dv100_top/rtl/ip/common_cells-1.31.1/include/common_cells/define_for_formality.svh
${MEISHAV100_ROOT}/hw/d2dv100_top/rtl/ip/common_cells-1.31.1/src/fifo_v3.sv
${MEISHAV100_ROOT}/hw/d2dv100_top/rtl/ip/common_cells-1.31.1/src/deprecated/fifo_v2.sv
${MEISHAV100_ROOT}/hw/d2dv100_top/rtl/ip/common_cells-1.31.1/src/deprecated/fifo_v1.sv
${MEISHAV100_ROOT}/hw/d2dv100_top/rtl/ip/common_cells-1.31.1/src/sync.sv
${MEISHAV100_ROOT}/hw/d2dv100_top/rtl/ip/common_cells-1.31.1/src/rstgen_bypass.sv
${MEISHAV100_ROOT}/hw/d2dv100_top/rtl/ip/common_cells-1.31.1/src/rstgen.sv
${MEISHAV100_ROOT}/hw/d2dv100_top/rtl/ip/common_cells-1.31.1/src/clk_int_div.sv
${MEISHAV100_ROOT}/hw/d2dv100_top/rtl/ip/common_cells-1.31.1/src/delta_counter.sv
${MEISHAV100_ROOT}/hw/d2dv100_top/rtl/ip/common_cells-1.31.1/src/spill_register_flushable.sv
${MEISHAV100_ROOT}/hw/d2dv100_top/rtl/ip/common_cells-1.31.1/src/sync_wedge.sv
${MEISHAV100_ROOT}/hw/d2dv100_top/rtl/ip/common_cells-1.31.1/src/counter.sv
${MEISHAV100_ROOT}/hw/d2dv100_top/rtl/ip/common_cells-1.31.1/src/spill_register.sv
//${MEISHAV100_ROOT}/hw/d2dv100_top/rtl/ip/common_cells-1.31.1/src/stream_to_mem.sv
${MEISHAV100_ROOT}/hw/d2dv100_top/rtl/ip/common_cells-1.31.1/src/clk_mux_glitch_free.sv
${MEISHAV100_ROOT}/hw/d2dv100_top/rtl/ip/common_cells-1.31.1/src/edge_detect.sv
//${MEISHAV100_ROOT}/hw/d2dv100_top/rtl/ip/common_cells-1.31.1/src/stream_fork.sv
//${MEISHAV100_ROOT}/hw/d2dv100_top/rtl/ip/common_cells-1.31.1/src/mem_to_banks_detailed.sv
${MEISHAV100_ROOT}/hw/d2dv100_top/rtl/ip/common_cells-1.31.1/src/stream_fork_dynamic.sv
//${MEISHAV100_ROOT}/hw/d2dv100_top/rtl/ip/common_cells-1.31.1/src/stream_mux.sv
${MEISHAV100_ROOT}/hw/d2dv100_top/rtl/ip/common_cells-1.31.1/src/stream_fifo.sv
//${MEISHAV100_ROOT}/hw/d2dv100_top/rtl/ip/common_cells-1.31.1/src/stream_register.sv
//${MEISHAV100_ROOT}/hw/d2dv100_top/rtl/ip/common_cells-1.31.1/src/rr_arb_tree.sv
//${MEISHAV100_ROOT}/hw/d2dv100_top/rtl/ip/common_cells-1.31.1/src/lzc.sv
${MEISHAV100_ROOT}/hw/d2dv100_top/rtl/ip/common_cells-1.31.1/src/stream_join.sv
${MEISHAV100_ROOT}/hw/d2dv100_top/rtl/ip/common_cells-1.31.1/src/onehot_to_bin.sv
${MEISHAV100_ROOT}/hw/d2dv100_top/rtl/ip/common_cells-1.31.1/src/id_queue.sv