${MEISHAV100_ROOT}/hw/d2dv100_top/rtl/ip/axi-0.39.3/include/axi/assign.svh
${MEISHAV100_ROOT}/hw/d2dv100_top/rtl/ip/axi-0.39.3/include/axi/port.svh
${MEISHAV100_ROOT}/hw/d2dv100_top/rtl/ip/axi-0.39.3/include/axi/typedef.svh
${MEISHAV100_ROOT}/hw/d2dv100_top/rtl/ip/axi-0.39.3/src/axi_pkg.sv
${MEISHAV100_ROOT}/hw/d2dv100_top/rtl/ip/axi-0.39.3/src/axi_intf.sv
${MEISHAV100_ROOT}/hw/d2dv100_top/rtl/ip/axi-0.39.3/src/axi_atop_filter.sv
${MEISHAV100_ROOT}/hw/d2dv100_top/rtl/ip/axi-0.39.3/src/axi_burst_splitter.sv
${MEISHAV100_ROOT}/hw/d2dv100_top/rtl/ip/axi-0.39.3/src/axi_bus_compare.sv
${MEISHAV100_ROOT}/hw/d2dv100_top/rtl/ip/axi-0.39.3/src/axi_cdc_dst.sv
${MEISHAV100_ROOT}/hw/d2dv100_top/rtl/ip/axi-0.39.3/src/axi_cdc_src.sv
${MEISHAV100_ROOT}/hw/d2dv100_top/rtl/ip/axi-0.39.3/src/axi_cut.sv
${MEISHAV100_ROOT}/hw/d2dv100_top/rtl/ip/axi-0.39.3/src/axi_delayer.sv
${MEISHAV100_ROOT}/hw/d2dv100_top/rtl/ip/axi-0.39.3/src/axi_demux_simple.sv
${MEISHAV100_ROOT}/hw/d2dv100_top/rtl/ip/axi-0.39.3/src/axi_dw_downsizer.sv
${MEISHAV100_ROOT}/hw/d2dv100_top/rtl/ip/axi-0.39.3/src/axi_dw_upsizer.sv
${MEISHAV100_ROOT}/hw/d2dv100_top/rtl/ip/axi-0.39.3/src/axi_fifo.sv
${MEISHAV100_ROOT}/hw/d2dv100_top/rtl/ip/axi-0.39.3/src/axi_id_remap.sv
${MEISHAV100_ROOT}/hw/d2dv100_top/rtl/ip/axi-0.39.3/src/axi_id_prepend.sv
${MEISHAV100_ROOT}/hw/d2dv100_top/rtl/ip/axi-0.39.3/src/axi_isolate.sv
${MEISHAV100_ROOT}/hw/d2dv100_top/rtl/ip/axi-0.39.3/src/axi_join.sv
${MEISHAV100_ROOT}/hw/d2dv100_top/rtl/ip/axi-0.39.3/src/axi_lite_demux.sv
${MEISHAV100_ROOT}/hw/d2dv100_top/rtl/ip/axi-0.39.3/src/axi_lite_dw_converter.sv
${MEISHAV100_ROOT}/hw/d2dv100_top/rtl/ip/axi-0.39.3/src/axi_lite_from_mem.sv
${MEISHAV100_ROOT}/hw/d2dv100_top/rtl/ip/axi-0.39.3/src/axi_lite_join.sv
${MEISHAV100_ROOT}/hw/d2dv100_top/rtl/ip/axi-0.39.3/src/axi_lite_lfsr.sv
${MEISHAV100_ROOT}/hw/d2dv100_top/rtl/ip/axi-0.39.3/src/axi_lite_mailbox.sv
${MEISHAV100_ROOT}/hw/d2dv100_top/rtl/ip/axi-0.39.3/src/axi_lite_mux.sv
${MEISHAV100_ROOT}/hw/d2dv100_top/rtl/ip/axi-0.39.3/src/axi_lite_regs.sv
${MEISHAV100_ROOT}/hw/d2dv100_top/rtl/ip/axi-0.39.3/src/axi_lite_to_apb.sv
${MEISHAV100_ROOT}/hw/d2dv100_top/rtl/ip/axi-0.39.3/src/axi_lite_to_axi.sv
${MEISHAV100_ROOT}/hw/d2dv100_top/rtl/ip/axi-0.39.3/src/axi_modify_address.sv
${MEISHAV100_ROOT}/hw/d2dv100_top/rtl/ip/axi-0.39.3/src/axi_mux.sv
${MEISHAV100_ROOT}/hw/d2dv100_top/rtl/ip/axi-0.39.3/src/axi_rw_join.sv
${MEISHAV100_ROOT}/hw/d2dv100_top/rtl/ip/axi-0.39.3/src/axi_rw_split.sv
${MEISHAV100_ROOT}/hw/d2dv100_top/rtl/ip/axi-0.39.3/src/axi_serializer.sv
${MEISHAV100_ROOT}/hw/d2dv100_top/rtl/ip/axi-0.39.3/src/axi_slave_compare.sv
${MEISHAV100_ROOT}/hw/d2dv100_top/rtl/ip/axi-0.39.3/src/axi_throttle.sv
${MEISHAV100_ROOT}/hw/d2dv100_top/rtl/ip/axi-0.39.3/src/axi_to_detailed_mem.sv
${MEISHAV100_ROOT}/hw/d2dv100_top/rtl/ip/axi-0.39.3/src/axi_cdc.sv
${MEISHAV100_ROOT}/hw/d2dv100_top/rtl/ip/axi-0.39.3/src/axi_demux.sv
${MEISHAV100_ROOT}/hw/d2dv100_top/rtl/ip/axi-0.39.3/src/axi_err_slv.sv
${MEISHAV100_ROOT}/hw/d2dv100_top/rtl/ip/axi-0.39.3/src/axi_dw_converter.sv
${MEISHAV100_ROOT}/hw/d2dv100_top/rtl/ip/axi-0.39.3/src/axi_from_mem.sv
${MEISHAV100_ROOT}/hw/d2dv100_top/rtl/ip/axi-0.39.3/src/axi_id_serialize.sv
${MEISHAV100_ROOT}/hw/d2dv100_top/rtl/ip/axi-0.39.3/src/axi_lfsr.sv
${MEISHAV100_ROOT}/hw/d2dv100_top/rtl/ip/axi-0.39.3/src/axi_multicut.sv
${MEISHAV100_ROOT}/hw/d2dv100_top/rtl/ip/axi-0.39.3/src/axi_to_axi_lite.sv
${MEISHAV100_ROOT}/hw/d2dv100_top/rtl/ip/axi-0.39.3/src/axi_to_mem.sv
${MEISHAV100_ROOT}/hw/d2dv100_top/rtl/ip/axi-0.39.3/src/axi_zero_mem.sv
${MEISHAV100_ROOT}/hw/d2dv100_top/rtl/ip/axi-0.39.3/src/axi_interleaved_xbar.sv
${MEISHAV100_ROOT}/hw/d2dv100_top/rtl/ip/axi-0.39.3/src/axi_iw_converter.sv
${MEISHAV100_ROOT}/hw/d2dv100_top/rtl/ip/axi-0.39.3/src/axi_lite_xbar.sv
${MEISHAV100_ROOT}/hw/d2dv100_top/rtl/ip/axi-0.39.3/src/axi_xbar.sv
${MEISHAV100_ROOT}/hw/d2dv100_top/rtl/ip/axi-0.39.3/src/axi_to_mem_banked.sv
${MEISHAV100_ROOT}/hw/d2dv100_top/rtl/ip/axi-0.39.3/src/axi_to_mem_interleaved.sv
${MEISHAV100_ROOT}/hw/d2dv100_top/rtl/ip/axi-0.39.3/src/axi_to_mem_split.sv
${MEISHAV100_ROOT}/hw/d2dv100_top/rtl/ip/axi-0.39.3/src/axi_xp.sv
