${MEISHAV100_ROOT}/hw/d2dv100_top/rtl/top/MEISHAV100_DEFINE.v
+incdir+${MEISHAV100_ROOT}/hw/ip/block-nvdla-sifive/hw/vmod/include
//-f ${MEISHAV100_ROOT}/hw/ip/block-nvdla-sifive/vsrc/small/vmod/rams/fpga/small_rams/src_files.lst
-f ${MEISHAV100_ROOT}/hw/ip/block-nvdla-sifive/vsrc/ram_model_u40/output_verilog/src_files.lst
${MEISHAV100_ROOT}/hw/ip/block-nvdla-sifive/vsrc/defines/defs.v
${MEISHAV100_ROOT}/hw/d2dv100_top/rtl/cbb/tech_cells_generic/AsyncResetReg.v
${MEISHAV100_ROOT}/hw/ip/block-nvdla-sifive/vsrc/small/vmod/vlibs/CKLNQD12.v
${MEISHAV100_ROOT}/hw/ip/block-nvdla-sifive/vsrc/small/vmod/nvdla/sdp/NV_NVDLA_SDP_RDMA_unpack.v
${MEISHAV100_ROOT}/hw/ip/block-nvdla-sifive/vsrc/small/vmod/vlibs/NV_CLK_gate_power.v
${MEISHAV100_ROOT}/hw/ip/block-nvdla-sifive/vsrc/small/vmod/vlibs/NV_BLKBOX_SINK.v
${MEISHAV100_ROOT}/hw/ip/block-nvdla-sifive/vsrc/small/vmod/vlibs/p_SSYNC3DO_C_PPP.v
${MEISHAV100_ROOT}/hw/ip/block-nvdla-sifive/vsrc/small/vmod/include/simulate_x_tick.vh
${MEISHAV100_ROOT}/hw/ip/block-nvdla-sifive/vsrc/small/vmod/nvdla/nocif/NV_NVDLA_XXIF_libs.v
${MEISHAV100_ROOT}/hw/ip/block-nvdla-sifive/vsrc/small/vmod/nvdla/sdp/NV_NVDLA_SDP_RDMA_EG_ro.v
${MEISHAV100_ROOT}/hw/ip/block-nvdla-sifive/vsrc/small/vmod/nvdla/sdp/NV_NVDLA_SDP_MRDMA_EG_dout.v
${MEISHAV100_ROOT}/hw/ip/block-nvdla-sifive/vsrc/small/vmod/nvdla/sdp/NV_NVDLA_SDP_MRDMA_EG_din.v
${MEISHAV100_ROOT}/hw/ip/block-nvdla-sifive/vsrc/small/vmod/nvdla/sdp/NV_NVDLA_SDP_MRDMA_EG_cmd.v
${MEISHAV100_ROOT}/hw/ip/block-nvdla-sifive/vsrc/small/vmod/nvdla/sdp/NV_NVDLA_SDP_HLS_sync2data.v
${MEISHAV100_ROOT}/hw/ip/block-nvdla-sifive/vsrc/small/vmod/nvdla/sdp/NV_NVDLA_SDP_HLS_relu.v
${MEISHAV100_ROOT}/hw/ip/block-nvdla-sifive/vsrc/small/vmod/nvdla/sdp/NV_NVDLA_SDP_HLS_prelu.v
${MEISHAV100_ROOT}/hw/ip/block-nvdla-sifive/vsrc/small/vmod/vlibs/NV_NVDLA_HLS_shiftrightsatsu.v
${MEISHAV100_ROOT}/hw/ip/block-nvdla-sifive/vsrc/small/vmod/vlibs/NV_NVDLA_HLS_shiftleftsu.v
${MEISHAV100_ROOT}/hw/ip/block-nvdla-sifive/vsrc/small/vmod/vlibs/NV_NVDLA_HLS_saturate.v
${MEISHAV100_ROOT}/hw/ip/block-nvdla-sifive/vsrc/small/vmod/nvdla/nocif/NV_NVDLA_DMAIF_rdrsp.v
${MEISHAV100_ROOT}/hw/ip/block-nvdla-sifive/vsrc/small/vmod/nvdla/nocif/NV_NVDLA_DMAIF_rdreq.v
${MEISHAV100_ROOT}/hw/ip/block-nvdla-sifive/vsrc/small/vmod/vlibs/NV_NVDLA_HLS_shiftrightsu.v
${MEISHAV100_ROOT}/hw/ip/block-nvdla-sifive/vsrc/small/vmod/vlibs/sync3d_c_ppp.v
${MEISHAV100_ROOT}/hw/ip/block-nvdla-sifive/vsrc/small/vmod/nvdla/sdp/NV_NVDLA_SDP_WDMA_DAT_out.v
${MEISHAV100_ROOT}/hw/ip/block-nvdla-sifive/vsrc/small/vmod/nvdla/sdp/NV_NVDLA_SDP_WDMA_DAT_in.v
${MEISHAV100_ROOT}/hw/ip/block-nvdla-sifive/vsrc/small/vmod/nvdla/sdp/NV_NVDLA_SDP_RDMA_REG_single.v
${MEISHAV100_ROOT}/hw/ip/block-nvdla-sifive/vsrc/small/vmod/nvdla/sdp/NV_NVDLA_SDP_RDMA_REG_dual.v
${MEISHAV100_ROOT}/hw/ip/block-nvdla-sifive/vsrc/small/vmod/nvdla/sdp/NV_NVDLA_SDP_RDMA_ig.v
${MEISHAV100_ROOT}/hw/ip/block-nvdla-sifive/vsrc/small/vmod/nvdla/sdp/NV_NVDLA_SDP_RDMA_eg.v
${MEISHAV100_ROOT}/hw/ip/block-nvdla-sifive/vsrc/small/vmod/nvdla/sdp/NV_NVDLA_SDP_RDMA_dmaif.v
${MEISHAV100_ROOT}/hw/ip/block-nvdla-sifive/vsrc/small/vmod/nvdla/sdp/NV_NVDLA_SDP_NRDMA_lat_fifo.v
${MEISHAV100_ROOT}/hw/ip/block-nvdla-sifive/vsrc/small/vmod/nvdla/sdp/NV_NVDLA_SDP_NRDMA_gate.v
${MEISHAV100_ROOT}/hw/ip/block-nvdla-sifive/vsrc/small/vmod/nvdla/sdp/NV_NVDLA_SDP_NRDMA_cq.v
${MEISHAV100_ROOT}/hw/ip/block-nvdla-sifive/vsrc/small/vmod/nvdla/sdp/NV_NVDLA_SDP_MRDMA_ig.v
${MEISHAV100_ROOT}/hw/ip/block-nvdla-sifive/vsrc/small/vmod/nvdla/sdp/NV_NVDLA_SDP_MRDMA_gate.v
${MEISHAV100_ROOT}/hw/ip/block-nvdla-sifive/vsrc/small/vmod/nvdla/sdp/NV_NVDLA_SDP_MRDMA_eg.v
${MEISHAV100_ROOT}/hw/ip/block-nvdla-sifive/vsrc/small/vmod/nvdla/sdp/NV_NVDLA_SDP_MRDMA_cq.v
${MEISHAV100_ROOT}/hw/ip/block-nvdla-sifive/vsrc/small/vmod/nvdla/sdp/NV_NVDLA_SDP_HLS_X_int_trt.v
${MEISHAV100_ROOT}/hw/ip/block-nvdla-sifive/vsrc/small/vmod/nvdla/sdp/NV_NVDLA_SDP_HLS_X_int_relu.v
${MEISHAV100_ROOT}/hw/ip/block-nvdla-sifive/vsrc/small/vmod/nvdla/sdp/NV_NVDLA_SDP_HLS_X_int_mul.v
${MEISHAV100_ROOT}/hw/ip/block-nvdla-sifive/vsrc/small/vmod/nvdla/sdp/NV_NVDLA_SDP_HLS_X_int_alu.v
${MEISHAV100_ROOT}/hw/ip/block-nvdla-sifive/vsrc/small/vmod/nvdla/sdp/NV_NVDLA_SDP_HLS_C_int.v
${MEISHAV100_ROOT}/hw/ip/block-nvdla-sifive/vsrc/small/vmod/nvdla/sdp/NV_NVDLA_SDP_BRDMA_lat_fifo.v
${MEISHAV100_ROOT}/hw/ip/block-nvdla-sifive/vsrc/small/vmod/nvdla/sdp/NV_NVDLA_SDP_BRDMA_gate.v
${MEISHAV100_ROOT}/hw/ip/block-nvdla-sifive/vsrc/small/vmod/nvdla/sdp/NV_NVDLA_SDP_BRDMA_cq.v
${MEISHAV100_ROOT}/hw/ip/block-nvdla-sifive/vsrc/small/vmod/nvdla/pdp/NV_NVDLA_PDP_RDMA_REG_single.v
${MEISHAV100_ROOT}/hw/ip/block-nvdla-sifive/vsrc/small/vmod/nvdla/pdp/NV_NVDLA_PDP_RDMA_REG_dual.v
${MEISHAV100_ROOT}/hw/ip/block-nvdla-sifive/vsrc/small/vmod/nvdla/pdp/NV_NVDLA_PDP_CORE_unit1d.v
${MEISHAV100_ROOT}/hw/ip/block-nvdla-sifive/vsrc/small/vmod/nvdla/nocif/NV_NVDLA_NOCIF_DRAM_WRITE_IG_spt.v
${MEISHAV100_ROOT}/hw/ip/block-nvdla-sifive/vsrc/small/vmod/nvdla/nocif/NV_NVDLA_NOCIF_DRAM_WRITE_IG_cvt.v
${MEISHAV100_ROOT}/hw/ip/block-nvdla-sifive/vsrc/small/vmod/nvdla/nocif/NV_NVDLA_NOCIF_DRAM_WRITE_IG_bpt.v
${MEISHAV100_ROOT}/hw/ip/block-nvdla-sifive/vsrc/small/vmod/nvdla/nocif/NV_NVDLA_NOCIF_DRAM_WRITE_IG_arb.v
${MEISHAV100_ROOT}/hw/ip/block-nvdla-sifive/vsrc/small/vmod/nvdla/nocif/NV_NVDLA_NOCIF_DRAM_READ_IG_spt.v
${MEISHAV100_ROOT}/hw/ip/block-nvdla-sifive/vsrc/small/vmod/nvdla/nocif/NV_NVDLA_NOCIF_DRAM_READ_IG_cvt.v
${MEISHAV100_ROOT}/hw/ip/block-nvdla-sifive/vsrc/small/vmod/nvdla/nocif/NV_NVDLA_NOCIF_DRAM_READ_IG_bpt.v
${MEISHAV100_ROOT}/hw/ip/block-nvdla-sifive/vsrc/small/vmod/nvdla/nocif/NV_NVDLA_NOCIF_DRAM_READ_IG_arb.v
${MEISHAV100_ROOT}/hw/ip/block-nvdla-sifive/vsrc/small/vmod/nvdla/cdp/NV_NVDLA_CDP_RDMA_REG_single.v
${MEISHAV100_ROOT}/hw/ip/block-nvdla-sifive/vsrc/small/vmod/nvdla/cdp/NV_NVDLA_CDP_RDMA_REG_dual.v
${MEISHAV100_ROOT}/hw/ip/block-nvdla-sifive/vsrc/small/vmod/nvdla/cdp/NV_NVDLA_CDP_DP_MUL_unit.v
${MEISHAV100_ROOT}/hw/ip/block-nvdla-sifive/vsrc/small/vmod/nvdla/cdp/NV_NVDLA_CDP_DP_LUT_CTRL_unit.v
${MEISHAV100_ROOT}/hw/ip/block-nvdla-sifive/vsrc/small/vmod/nvdla/cdp/NV_NVDLA_CDP_DP_INTP_unit.v
${MEISHAV100_ROOT}/hw/ip/block-nvdla-sifive/vsrc/small/vmod/nvdla/cdma/NV_NVDLA_CDMA_IMG_sg2pack_fifo.v
${MEISHAV100_ROOT}/hw/ip/block-nvdla-sifive/vsrc/small/vmod/nvdla/cdma/NV_NVDLA_CDMA_IMG_fifo.v
${MEISHAV100_ROOT}/hw/ip/block-nvdla-sifive/vsrc/small/vmod/vlibs/NV_BLKBOX_SRC0.v
${MEISHAV100_ROOT}/hw/ip/block-nvdla-sifive/vsrc/small/vmod/vlibs/MUX2HDD2.v
${MEISHAV100_ROOT}/hw/ip/block-nvdla-sifive/vsrc/small/vmod/nvdla/cdp/int_sum_block_tp1.v
${MEISHAV100_ROOT}/hw/ip/block-nvdla-sifive/vsrc/small/vmod/vlibs/HLS_cdp_ocvt.v
${MEISHAV100_ROOT}/hw/ip/block-nvdla-sifive/vsrc/small/vmod/vlibs/HLS_cdp_icvt.v
${MEISHAV100_ROOT}/hw/ip/block-nvdla-sifive/vsrc/small/vmod/vlibs/p_STRICTSYNC3DOTM_C_PPP.v
${MEISHAV100_ROOT}/hw/ip/block-nvdla-sifive/vsrc/small/vmod/vlibs/p_SSYNC3DO_S_PPP.v
${MEISHAV100_ROOT}/hw/ip/block-nvdla-sifive/vsrc/small/vmod/vlibs/p_SSYNC3DO.v
${MEISHAV100_ROOT}/hw/ip/block-nvdla-sifive/vsrc/small/vmod/vlibs/p_SSYNC2DO_C_PP.v
${MEISHAV100_ROOT}/hw/ip/block-nvdla-sifive/vsrc/small/vmod/vlibs/OR2D1.v
${MEISHAV100_ROOT}/hw/ip/block-nvdla-sifive/vsrc/small/vmod/vlibs/oneHotClk_async_write_clock.v
${MEISHAV100_ROOT}/hw/ip/block-nvdla-sifive/vsrc/small/vmod/vlibs/oneHotClk_async_read_clock.v
${MEISHAV100_ROOT}/hw/ip/block-nvdla-sifive/vsrc/small/vmod/nvdla/car/NV_NVDLA_sync3d_c.v
${MEISHAV100_ROOT}/hw/ip/block-nvdla-sifive/vsrc/small/vmod/nvdla/sdp/NV_NVDLA_SDP_WDMA_intr.v
${MEISHAV100_ROOT}/hw/ip/block-nvdla-sifive/vsrc/small/vmod/nvdla/sdp/NV_NVDLA_SDP_WDMA_gate.v
${MEISHAV100_ROOT}/hw/ip/block-nvdla-sifive/vsrc/small/vmod/nvdla/sdp/NV_NVDLA_SDP_WDMA_dat.v
${MEISHAV100_ROOT}/hw/ip/block-nvdla-sifive/vsrc/small/vmod/nvdla/sdp/NV_NVDLA_SDP_WDMA_cmd.v
${MEISHAV100_ROOT}/hw/ip/block-nvdla-sifive/vsrc/small/vmod/nvdla/sdp/NV_NVDLA_SDP_REG_single.v
${MEISHAV100_ROOT}/hw/ip/block-nvdla-sifive/vsrc/small/vmod/nvdla/sdp/NV_NVDLA_SDP_REG_dual.v
${MEISHAV100_ROOT}/hw/ip/block-nvdla-sifive/vsrc/small/vmod/nvdla/sdp/NV_NVDLA_SDP_RDMA_reg.v
${MEISHAV100_ROOT}/hw/ip/block-nvdla-sifive/vsrc/small/vmod/nvdla/sdp/NV_NVDLA_SDP_RDMA_pack.v
${MEISHAV100_ROOT}/hw/ip/block-nvdla-sifive/vsrc/small/vmod/nvdla/sdp/NV_NVDLA_SDP_nrdma.v
${MEISHAV100_ROOT}/hw/ip/block-nvdla-sifive/vsrc/small/vmod/nvdla/sdp/NV_NVDLA_SDP_mrdma.v
${MEISHAV100_ROOT}/hw/ip/block-nvdla-sifive/vsrc/small/vmod/nvdla/sdp/NV_NVDLA_SDP_HLS_x2_int.v
${MEISHAV100_ROOT}/hw/ip/block-nvdla-sifive/vsrc/small/vmod/nvdla/sdp/NV_NVDLA_SDP_HLS_x1_int.v
${MEISHAV100_ROOT}/hw/ip/block-nvdla-sifive/vsrc/small/vmod/nvdla/sdp/NV_NVDLA_SDP_HLS_c.v
${MEISHAV100_ROOT}/hw/ip/block-nvdla-sifive/vsrc/small/vmod/nvdla/sdp/NV_NVDLA_SDP_CORE_unpack.v
${MEISHAV100_ROOT}/hw/ip/block-nvdla-sifive/vsrc/small/vmod/nvdla/sdp/NV_NVDLA_SDP_CORE_pack.v
${MEISHAV100_ROOT}/hw/ip/block-nvdla-sifive/vsrc/small/vmod/nvdla/sdp/NV_NVDLA_SDP_CORE_gate.v
${MEISHAV100_ROOT}/hw/ip/block-nvdla-sifive/vsrc/small/vmod/nvdla/sdp/NV_NVDLA_SDP_cmux.v
${MEISHAV100_ROOT}/hw/ip/block-nvdla-sifive/vsrc/small/vmod/nvdla/sdp/NV_NVDLA_SDP_brdma.v
${MEISHAV100_ROOT}/hw/ip/block-nvdla-sifive/vsrc/small/vmod/nvdla/pdp/NV_NVDLA_PDP_WDMA_dat.v
${MEISHAV100_ROOT}/hw/ip/block-nvdla-sifive/vsrc/small/vmod/nvdla/pdp/NV_NVDLA_PDP_WDMA_cmd.v
${MEISHAV100_ROOT}/hw/ip/block-nvdla-sifive/vsrc/small/vmod/nvdla/pdp/NV_NVDLA_PDP_slcg.v
${MEISHAV100_ROOT}/hw/ip/block-nvdla-sifive/vsrc/small/vmod/nvdla/pdp/NV_NVDLA_PDP_REG_single.v
${MEISHAV100_ROOT}/hw/ip/block-nvdla-sifive/vsrc/small/vmod/nvdla/pdp/NV_NVDLA_PDP_REG_dual.v
${MEISHAV100_ROOT}/hw/ip/block-nvdla-sifive/vsrc/small/vmod/nvdla/pdp/NV_NVDLA_PDP_RDMA_reg.v
${MEISHAV100_ROOT}/hw/ip/block-nvdla-sifive/vsrc/small/vmod/nvdla/pdp/NV_NVDLA_PDP_RDMA_ig.v
${MEISHAV100_ROOT}/hw/ip/block-nvdla-sifive/vsrc/small/vmod/nvdla/pdp/NV_NVDLA_PDP_RDMA_eg.v
${MEISHAV100_ROOT}/hw/ip/block-nvdla-sifive/vsrc/small/vmod/nvdla/pdp/NV_NVDLA_PDP_RDMA_cq.v
${MEISHAV100_ROOT}/hw/ip/block-nvdla-sifive/vsrc/small/vmod/nvdla/pdp/NV_NVDLA_PDP_CORE_preproc.v
${MEISHAV100_ROOT}/hw/ip/block-nvdla-sifive/vsrc/small/vmod/nvdla/pdp/NV_NVDLA_PDP_CORE_cal2d.v
${MEISHAV100_ROOT}/hw/ip/block-nvdla-sifive/vsrc/small/vmod/nvdla/pdp/NV_NVDLA_PDP_CORE_cal1d.v
${MEISHAV100_ROOT}/hw/ip/block-nvdla-sifive/vsrc/small/vmod/nvdla/nocif/NV_NVDLA_NOCIF_DRAM_WRITE_ig.v
${MEISHAV100_ROOT}/hw/ip/block-nvdla-sifive/vsrc/small/vmod/nvdla/nocif/NV_NVDLA_NOCIF_DRAM_WRITE_eg.v
${MEISHAV100_ROOT}/hw/ip/block-nvdla-sifive/vsrc/small/vmod/nvdla/nocif/NV_NVDLA_NOCIF_DRAM_WRITE_cq.v
${MEISHAV100_ROOT}/hw/ip/block-nvdla-sifive/vsrc/small/vmod/nvdla/nocif/NV_NVDLA_NOCIF_DRAM_READ_ig.v
${MEISHAV100_ROOT}/hw/ip/block-nvdla-sifive/vsrc/small/vmod/nvdla/nocif/NV_NVDLA_NOCIF_DRAM_READ_eg.v
${MEISHAV100_ROOT}/hw/ip/block-nvdla-sifive/vsrc/small/vmod/nvdla/nocif/NV_NVDLA_NOCIF_DRAM_READ_cq.v
${MEISHAV100_ROOT}/hw/ip/block-nvdla-sifive/vsrc/small/vmod/nvdla/nocif/NV_NVDLA_MCIF_CSB_reg.v
${MEISHAV100_ROOT}/hw/ip/block-nvdla-sifive/vsrc/small/vmod/nvdla/glb/NV_NVDLA_GLB_CSB_reg.v
${MEISHAV100_ROOT}/hw/ip/block-nvdla-sifive/vsrc/small/vmod/nvdla/nocif/NV_NVDLA_DMAIF_wr.v
${MEISHAV100_ROOT}/hw/ip/block-nvdla-sifive/vsrc/small/vmod/nvdla/csc/NV_NVDLA_CSC_WL_dec.v
${MEISHAV100_ROOT}/hw/ip/block-nvdla-sifive/vsrc/small/vmod/nvdla/csc/NV_NVDLA_CSC_single_reg.v
${MEISHAV100_ROOT}/hw/ip/block-nvdla-sifive/vsrc/small/vmod/nvdla/csc/NV_NVDLA_CSC_SG_wt_fifo.v
${MEISHAV100_ROOT}/hw/ip/block-nvdla-sifive/vsrc/small/vmod/nvdla/csc/NV_NVDLA_CSC_SG_dat_fifo.v
${MEISHAV100_ROOT}/hw/ip/block-nvdla-sifive/vsrc/small/vmod/nvdla/csc/NV_NVDLA_CSC_dual_reg.v
${MEISHAV100_ROOT}/hw/ip/block-nvdla-sifive/vsrc/small/vmod/nvdla/cmac/NV_NVDLA_CMAC_REG_single.v
${MEISHAV100_ROOT}/hw/ip/block-nvdla-sifive/vsrc/small/vmod/nvdla/cmac/NV_NVDLA_CMAC_REG_dual.v
${MEISHAV100_ROOT}/hw/ip/block-nvdla-sifive/vsrc/small/vmod/nvdla/cmac/NV_NVDLA_CMAC_CORE_slcg.v
${MEISHAV100_ROOT}/hw/ip/block-nvdla-sifive/vsrc/small/vmod/nvdla/cmac/NV_NVDLA_CMAC_CORE_rt_out.v
${MEISHAV100_ROOT}/hw/ip/block-nvdla-sifive/vsrc/small/vmod/nvdla/cmac/NV_NVDLA_CMAC_CORE_rt_in.v
${MEISHAV100_ROOT}/hw/ip/block-nvdla-sifive/vsrc/small/vmod/nvdla/cmac/NV_NVDLA_CMAC_CORE_mac.v
${MEISHAV100_ROOT}/hw/ip/block-nvdla-sifive/vsrc/small/vmod/nvdla/cmac/NV_NVDLA_CMAC_CORE_cfg.v
${MEISHAV100_ROOT}/hw/ip/block-nvdla-sifive/vsrc/small/vmod/nvdla/cmac/NV_NVDLA_CMAC_CORE_active.v
${MEISHAV100_ROOT}/hw/ip/block-nvdla-sifive/vsrc/small/vmod/nvdla/cdp/NV_NVDLA_CDP_slcg.v
${MEISHAV100_ROOT}/hw/ip/block-nvdla-sifive/vsrc/small/vmod/nvdla/cdp/NV_NVDLA_CDP_REG_single.v
${MEISHAV100_ROOT}/hw/ip/block-nvdla-sifive/vsrc/small/vmod/nvdla/cdp/NV_NVDLA_CDP_REG_dual.v
${MEISHAV100_ROOT}/hw/ip/block-nvdla-sifive/vsrc/small/vmod/nvdla/cdp/NV_NVDLA_CDP_RDMA_reg.v
${MEISHAV100_ROOT}/hw/ip/block-nvdla-sifive/vsrc/small/vmod/nvdla/cdp/NV_NVDLA_CDP_RDMA_ig.v
${MEISHAV100_ROOT}/hw/ip/block-nvdla-sifive/vsrc/small/vmod/nvdla/cdp/NV_NVDLA_CDP_RDMA_eg.v
${MEISHAV100_ROOT}/hw/ip/block-nvdla-sifive/vsrc/small/vmod/nvdla/cdp/NV_NVDLA_CDP_RDMA_cq.v
${MEISHAV100_ROOT}/hw/ip/block-nvdla-sifive/vsrc/small/vmod/nvdla/cdp/NV_NVDLA_CDP_DP_syncfifo.v
${MEISHAV100_ROOT}/hw/ip/block-nvdla-sifive/vsrc/small/vmod/nvdla/cdp/NV_NVDLA_CDP_DP_sum.v
${MEISHAV100_ROOT}/hw/ip/block-nvdla-sifive/vsrc/small/vmod/nvdla/cdp/NV_NVDLA_CDP_DP_mul.v
${MEISHAV100_ROOT}/hw/ip/block-nvdla-sifive/vsrc/small/vmod/nvdla/cdp/NV_NVDLA_CDP_DP_LUT_ctrl.v
${MEISHAV100_ROOT}/hw/ip/block-nvdla-sifive/vsrc/small/vmod/nvdla/cdp/NV_NVDLA_CDP_DP_lut.v
${MEISHAV100_ROOT}/hw/ip/block-nvdla-sifive/vsrc/small/vmod/nvdla/cdp/NV_NVDLA_CDP_DP_intp.v
${MEISHAV100_ROOT}/hw/ip/block-nvdla-sifive/vsrc/small/vmod/nvdla/cdp/NV_NVDLA_CDP_DP_cvtout.v
${MEISHAV100_ROOT}/hw/ip/block-nvdla-sifive/vsrc/small/vmod/nvdla/cdp/NV_NVDLA_CDP_DP_cvtin.v
${MEISHAV100_ROOT}/hw/ip/block-nvdla-sifive/vsrc/small/vmod/nvdla/cdp/NV_NVDLA_CDP_DP_bufferin_tp1.v
${MEISHAV100_ROOT}/hw/ip/block-nvdla-sifive/vsrc/small/vmod/nvdla/cdma/NV_NVDLA_CDMA_WT_fifo.v
${MEISHAV100_ROOT}/hw/ip/block-nvdla-sifive/vsrc/small/vmod/nvdla/cdma/NV_NVDLA_CDMA_single_reg.v
${MEISHAV100_ROOT}/hw/ip/block-nvdla-sifive/vsrc/small/vmod/nvdla/cdma/NV_NVDLA_CDMA_IMG_sg.v
${MEISHAV100_ROOT}/hw/ip/block-nvdla-sifive/vsrc/small/vmod/nvdla/cdma/NV_NVDLA_CDMA_IMG_pack.v
${MEISHAV100_ROOT}/hw/ip/block-nvdla-sifive/vsrc/small/vmod/nvdla/cdma/NV_NVDLA_CDMA_IMG_ctrl.v
${MEISHAV100_ROOT}/hw/ip/block-nvdla-sifive/vsrc/small/vmod/nvdla/cdma/NV_NVDLA_CDMA_dual_reg.v
${MEISHAV100_ROOT}/hw/ip/block-nvdla-sifive/vsrc/small/vmod/nvdla/cdma/NV_NVDLA_CDMA_DC_fifo.v
${MEISHAV100_ROOT}/hw/ip/block-nvdla-sifive/vsrc/small/vmod/nvdla/cdma/NV_NVDLA_CDMA_CVT_cell.v
${MEISHAV100_ROOT}/hw/ip/block-nvdla-sifive/vsrc/small/vmod/nvdla/cacc/NV_NVDLA_CACC_single_reg.v
${MEISHAV100_ROOT}/hw/ip/block-nvdla-sifive/vsrc/small/vmod/nvdla/cacc/NV_NVDLA_CACC_dual_reg.v
${MEISHAV100_ROOT}/hw/ip/block-nvdla-sifive/vsrc/small/vmod/nvdla/cacc/NV_NVDLA_CACC_CALC_int8.v
${MEISHAV100_ROOT}/hw/ip/block-nvdla-sifive/vsrc/small/vmod/vlibs/MUX2D4.v
${MEISHAV100_ROOT}/hw/ip/block-nvdla-sifive/vsrc/small/vmod/vlibs/sync_reset.v
${MEISHAV100_ROOT}/hw/ip/block-nvdla-sifive/vsrc/small/vmod/vlibs/sync3d_s_ppp.v
${MEISHAV100_ROOT}/hw/ip/block-nvdla-sifive/vsrc/small/vmod/vlibs/sync3d.v
${MEISHAV100_ROOT}/hw/ip/block-nvdla-sifive/vsrc/small/vmod/nvdla/sdp/NV_NVDLA_SDP_wdma.v
${MEISHAV100_ROOT}/hw/ip/block-nvdla-sifive/vsrc/small/vmod/nvdla/sdp/NV_NVDLA_SDP_reg.v
${MEISHAV100_ROOT}/hw/ip/block-nvdla-sifive/vsrc/small/vmod/nvdla/sdp/NV_NVDLA_SDP_rdma.v
${MEISHAV100_ROOT}/hw/ip/block-nvdla-sifive/vsrc/small/vmod/nvdla/sdp/NV_NVDLA_SDP_core.v
${MEISHAV100_ROOT}/hw/ip/block-nvdla-sifive/vsrc/small/vmod/nvdla/pdp/NV_NVDLA_PDP_wdma.v
${MEISHAV100_ROOT}/hw/ip/block-nvdla-sifive/vsrc/small/vmod/nvdla/pdp/NV_NVDLA_PDP_reg.v
${MEISHAV100_ROOT}/hw/ip/block-nvdla-sifive/vsrc/small/vmod/nvdla/pdp/NV_NVDLA_PDP_rdma.v
${MEISHAV100_ROOT}/hw/ip/block-nvdla-sifive/vsrc/small/vmod/nvdla/pdp/NV_NVDLA_PDP_nan.v
${MEISHAV100_ROOT}/hw/ip/block-nvdla-sifive/vsrc/small/vmod/nvdla/pdp/NV_NVDLA_PDP_core.v
${MEISHAV100_ROOT}/hw/ip/block-nvdla-sifive/vsrc/small/vmod/nvdla/nocif/NV_NVDLA_NOCIF_DRAM_write.v
${MEISHAV100_ROOT}/hw/ip/block-nvdla-sifive/vsrc/small/vmod/nvdla/nocif/NV_NVDLA_NOCIF_DRAM_read.v
${MEISHAV100_ROOT}/hw/ip/block-nvdla-sifive/vsrc/small/vmod/nvdla/nocif/NV_NVDLA_MCIF_csb.v
${MEISHAV100_ROOT}/hw/ip/block-nvdla-sifive/vsrc/small/vmod/nvdla/glb/NV_NVDLA_GLB_ic.v
${MEISHAV100_ROOT}/hw/ip/block-nvdla-sifive/vsrc/small/vmod/nvdla/glb/NV_NVDLA_GLB_csb.v
${MEISHAV100_ROOT}/hw/ip/block-nvdla-sifive/vsrc/small/vmod/nvdla/csc/NV_NVDLA_CSC_wl.v
${MEISHAV100_ROOT}/hw/ip/block-nvdla-sifive/vsrc/small/vmod/nvdla/csc/NV_NVDLA_CSC_slcg.v
${MEISHAV100_ROOT}/hw/ip/block-nvdla-sifive/vsrc/small/vmod/nvdla/csc/NV_NVDLA_CSC_sg.v
${MEISHAV100_ROOT}/hw/ip/block-nvdla-sifive/vsrc/small/vmod/nvdla/csc/NV_NVDLA_CSC_regfile.v
${MEISHAV100_ROOT}/hw/ip/block-nvdla-sifive/vsrc/small/vmod/nvdla/csc/NV_NVDLA_CSC_dl.v
${MEISHAV100_ROOT}/hw/ip/block-nvdla-sifive/vsrc/small/vmod/nvdla/csb_master/NV_NVDLA_CSB_MASTER_falcon2csb_fifo.v
${MEISHAV100_ROOT}/hw/ip/block-nvdla-sifive/vsrc/small/vmod/nvdla/csb_master/NV_NVDLA_CSB_MASTER_csb2falcon_fifo.v
${MEISHAV100_ROOT}/hw/ip/block-nvdla-sifive/vsrc/small/vmod/nvdla/cmac/NV_NVDLA_CMAC_reg.v
${MEISHAV100_ROOT}/hw/ip/block-nvdla-sifive/vsrc/small/vmod/nvdla/cmac/NV_NVDLA_CMAC_core.v
${MEISHAV100_ROOT}/hw/ip/block-nvdla-sifive/vsrc/small/vmod/nvdla/cfgrom/NV_NVDLA_CFGROM_rom.v
${MEISHAV100_ROOT}/hw/ip/block-nvdla-sifive/vsrc/small/vmod/nvdla/cdp/NV_NVDLA_CDP_wdma.v
${MEISHAV100_ROOT}/hw/ip/block-nvdla-sifive/vsrc/small/vmod/nvdla/cdp/NV_NVDLA_CDP_reg.v
${MEISHAV100_ROOT}/hw/ip/block-nvdla-sifive/vsrc/small/vmod/nvdla/cdp/NV_NVDLA_CDP_rdma.v
${MEISHAV100_ROOT}/hw/ip/block-nvdla-sifive/vsrc/small/vmod/nvdla/cdp/NV_NVDLA_CDP_DP_nan.v
${MEISHAV100_ROOT}/hw/ip/block-nvdla-sifive/vsrc/small/vmod/nvdla/cdp/NV_NVDLA_CDP_dp.v
${MEISHAV100_ROOT}/hw/ip/block-nvdla-sifive/vsrc/small/vmod/nvdla/cdma/NV_NVDLA_CDMA_wt.v
${MEISHAV100_ROOT}/hw/ip/block-nvdla-sifive/vsrc/small/vmod/nvdla/cdma/NV_NVDLA_CDMA_status.v
${MEISHAV100_ROOT}/hw/ip/block-nvdla-sifive/vsrc/small/vmod/nvdla/cdma/NV_NVDLA_CDMA_slcg.v
${MEISHAV100_ROOT}/hw/ip/block-nvdla-sifive/vsrc/small/vmod/nvdla/cdma/NV_NVDLA_CDMA_shared_buffer.v
${MEISHAV100_ROOT}/hw/ip/block-nvdla-sifive/vsrc/small/vmod/nvdla/cdma/NV_NVDLA_CDMA_regfile.v
${MEISHAV100_ROOT}/hw/ip/block-nvdla-sifive/vsrc/small/vmod/nvdla/cdma/NV_NVDLA_CDMA_img.v
${MEISHAV100_ROOT}/hw/ip/block-nvdla-sifive/vsrc/small/vmod/nvdla/cdma/NV_NVDLA_CDMA_dma_mux.v
${MEISHAV100_ROOT}/hw/ip/block-nvdla-sifive/vsrc/small/vmod/nvdla/cdma/NV_NVDLA_CDMA_dc.v
${MEISHAV100_ROOT}/hw/ip/block-nvdla-sifive/vsrc/small/vmod/nvdla/cdma/NV_NVDLA_CDMA_cvt.v
${MEISHAV100_ROOT}/hw/ip/block-nvdla-sifive/vsrc/small/vmod/nvdla/cacc/NV_NVDLA_CACC_slcg.v
${MEISHAV100_ROOT}/hw/ip/block-nvdla-sifive/vsrc/small/vmod/nvdla/cacc/NV_NVDLA_CACC_regfile.v
${MEISHAV100_ROOT}/hw/ip/block-nvdla-sifive/vsrc/small/vmod/nvdla/cacc/NV_NVDLA_CACC_delivery_ctrl.v
${MEISHAV100_ROOT}/hw/ip/block-nvdla-sifive/vsrc/small/vmod/nvdla/cacc/NV_NVDLA_CACC_delivery_buffer.v
${MEISHAV100_ROOT}/hw/ip/block-nvdla-sifive/vsrc/small/vmod/nvdla/cacc/NV_NVDLA_CACC_calculator.v
${MEISHAV100_ROOT}/hw/ip/block-nvdla-sifive/vsrc/small/vmod/nvdla/cacc/NV_NVDLA_CACC_assembly_ctrl.v
${MEISHAV100_ROOT}/hw/ip/block-nvdla-sifive/vsrc/small/vmod/nvdla/cacc/NV_NVDLA_CACC_assembly_buffer.v
${MEISHAV100_ROOT}/hw/ip/block-nvdla-sifive/vsrc/small/vmod/nvdla/car/NV_NVDLA_sync3d_s.v
${MEISHAV100_ROOT}/hw/ip/block-nvdla-sifive/vsrc/small/vmod/nvdla/car/NV_NVDLA_sync3d.v
${MEISHAV100_ROOT}/hw/ip/block-nvdla-sifive/vsrc/small/vmod/nvdla/sdp/NV_NVDLA_sdp.v
${MEISHAV100_ROOT}/hw/ip/block-nvdla-sifive/vsrc/small/vmod/nvdla/car/NV_NVDLA_reset.v
${MEISHAV100_ROOT}/hw/ip/block-nvdla-sifive/vsrc/small/vmod/nvdla/pdp/NV_NVDLA_pdp.v
${MEISHAV100_ROOT}/hw/ip/block-nvdla-sifive/vsrc/small/vmod/nvdla/nocif/NV_NVDLA_NOCIF_dram.v
${MEISHAV100_ROOT}/hw/ip/block-nvdla-sifive/vsrc/small/vmod/nvdla/glb/NV_NVDLA_glb.v
${MEISHAV100_ROOT}/hw/ip/block-nvdla-sifive/vsrc/small/vmod/nvdla/csc/NV_NVDLA_csc.v
${MEISHAV100_ROOT}/hw/ip/block-nvdla-sifive/vsrc/small/vmod/nvdla/csb_master/NV_NVDLA_csb_master.v
${MEISHAV100_ROOT}/hw/ip/block-nvdla-sifive/vsrc/small/vmod/nvdla/car/NV_NVDLA_core_reset.v
${MEISHAV100_ROOT}/hw/ip/block-nvdla-sifive/vsrc/small/vmod/nvdla/cmac/NV_NVDLA_cmac.v
${MEISHAV100_ROOT}/hw/ip/block-nvdla-sifive/vsrc/small/vmod/nvdla/cfgrom/NV_NVDLA_cfgrom.v
${MEISHAV100_ROOT}/hw/ip/block-nvdla-sifive/vsrc/small/vmod/nvdla/cdp/NV_NVDLA_cdp.v
${MEISHAV100_ROOT}/hw/ip/block-nvdla-sifive/vsrc/small/vmod/nvdla/cdma/NV_NVDLA_cdma.v
${MEISHAV100_ROOT}/hw/ip/block-nvdla-sifive/vsrc/small/vmod/nvdla/cbuf/NV_NVDLA_cbuf.v
${MEISHAV100_ROOT}/hw/ip/block-nvdla-sifive/vsrc/small/vmod/nvdla/cacc/NV_NVDLA_cacc.v
${MEISHAV100_ROOT}/hw/ip/block-nvdla-sifive/vsrc/small/vmod/nvdla/top/NV_NVDLA_partition_p.v
${MEISHAV100_ROOT}/hw/ip/block-nvdla-sifive/vsrc/small/vmod/nvdla/top/NV_NVDLA_partition_o.v
${MEISHAV100_ROOT}/hw/ip/block-nvdla-sifive/vsrc/small/vmod/nvdla/top/NV_NVDLA_partition_m.v
${MEISHAV100_ROOT}/hw/ip/block-nvdla-sifive/vsrc/small/vmod/nvdla/top/NV_NVDLA_partition_c.v
${MEISHAV100_ROOT}/hw/ip/block-nvdla-sifive/vsrc/small/vmod/nvdla/top/NV_NVDLA_partition_a.v
//${MEISHAV100_ROOT}/hw/ip/block-nvdla-sifive/vsrc/small/vmod/nvdla/apb2csb/NV_NVDLA_apb2csb.v
${MEISHAV100_ROOT}/hw/ip/block-nvdla-sifive/vsrc/small/vmod/nvdla/top/NV_nvdla.v
//${MEISHAV100_ROOT}/hw/ip/block-nvdla-sifive/vsrc/small/nvdla_small.v
${MEISHAV100_ROOT}/hw/ip/block-nvdla-sifive/vsrc/defines/undefs.v
