${MEISHAV100_ROOT}/hw/d2dv100_top/rtl/cbb/tech_cells_generic/tc_clk_and2.sv
${MEISHAV100_ROOT}/hw/d2dv100_top/rtl/cbb/tech_cells_generic/tc_clk_delay.sv
${MEISHAV100_ROOT}/hw/d2dv100_top/rtl/cbb/tech_cells_generic/tc_clk_inverter.sv
${MEISHAV100_ROOT}/hw/d2dv100_top/rtl/cbb/tech_cells_generic/tc_clk_or2.sv
${MEISHAV100_ROOT}/hw/d2dv100_top/rtl/cbb/tech_cells_generic/tc_clk_buf.sv
${MEISHAV100_ROOT}/hw/d2dv100_top/rtl/cbb/tech_cells_generic/tc_clk_gating.sv
${MEISHAV100_ROOT}/hw/d2dv100_top/rtl/cbb/tech_cells_generic/tc_clk_mux2.sv
${MEISHAV100_ROOT}/hw/d2dv100_top/rtl/cbb/tech_cells_generic/tc_clk_xor2.sv
${MEISHAV100_ROOT}/hw/d2dv100_top/rtl/cbb/tech_cells_generic/clk_int_div_static.sv
${MEISHAV100_ROOT}/hw/d2dv100_top/rtl/cbb/tech_cells_generic/AsyncResetReg.v
${MEISHAV100_ROOT}/hw/d2dv100_top/rtl/cbb/tech_cells_generic/IBUF_STD_CELL.v
${MEISHAV100_ROOT}/hw/d2dv100_top/rtl/cbb/tech_cells_generic/IBUFDS.v
${MEISHAV100_ROOT}/hw/d2dv100_top/rtl/cbb/tech_cells_generic/pulp_clock_mux2.sv
${MEISHAV100_ROOT}/hw/d2dv100_top/rtl/cbb/tech_cells_generic/pulp_clock_inverter.sv
${MEISHAV100_ROOT}/hw/d2dv100_top/rtl/cbb/tech_cells_generic/async_rst_gen.sv
${MEISHAV100_ROOT}/hw/d2dv100_top/rtl/cbb/tech_cells_generic/reset_glitch_free.sv
${MEISHAV100_ROOT}/hw/d2dv100_top/rtl/cbb/tech_cells_generic/async_fifo.v
${MEISHAV100_ROOT}/hw/d2dv100_top/rtl/cbb/tech_cells_generic/pulp_clock_gating.sv
