${MEISHAV100_ROOT}/hw/ip/block-nvdla-sifive/vsrc/ram_model_u40/output_verilog/umc_verilog/SZLVTLB40_128X256X1CM1b1.v
${MEISHAV100_ROOT}/hw/ip/block-nvdla-sifive/vsrc/ram_model_u40/output_verilog/umc_verilog/SZLVTLB40_128X258X1CM1b1.v
${MEISHAV100_ROOT}/hw/ip/block-nvdla-sifive/vsrc/ram_model_u40/output_verilog/umc_verilog/SZLVTLB40_128X512X1CM1b1.v
${MEISHAV100_ROOT}/hw/ip/block-nvdla-sifive/vsrc/ram_model_u40/output_verilog/umc_verilog/SZLVTLB40_160X258X1CM1b1.v
${MEISHAV100_ROOT}/hw/ip/block-nvdla-sifive/vsrc/ram_model_u40/output_verilog/umc_verilog/SZLVTLB40_160X514X1CM1b1.v
${MEISHAV100_ROOT}/hw/ip/block-nvdla-sifive/vsrc/ram_model_u40/output_verilog/umc_verilog/SZLVTLB40_16X128X1CM1b1.v
${MEISHAV100_ROOT}/hw/ip/block-nvdla-sifive/vsrc/ram_model_u40/output_verilog/umc_verilog/SZLVTLB40_16X256X1CM1b1.v
${MEISHAV100_ROOT}/hw/ip/block-nvdla-sifive/vsrc/ram_model_u40/output_verilog/umc_verilog/SZLVTLB40_16X272X1CM1b1.v
${MEISHAV100_ROOT}/hw/ip/block-nvdla-sifive/vsrc/ram_model_u40/output_verilog/umc_verilog/SZLVTLB40_16X64X1CM1b1.v
${MEISHAV100_ROOT}/hw/ip/block-nvdla-sifive/vsrc/ram_model_u40/output_verilog/umc_verilog/SZLVTLB40_16X66X1CM1b1.v
${MEISHAV100_ROOT}/hw/ip/block-nvdla-sifive/vsrc/ram_model_u40/output_verilog/umc_verilog/SZLVTLB40_20X146X1CM1b1.v
${MEISHAV100_ROOT}/hw/ip/block-nvdla-sifive/vsrc/ram_model_u40/output_verilog/umc_verilog/SZLVTLB40_20X289X1CM1b1.v
${MEISHAV100_ROOT}/hw/ip/block-nvdla-sifive/vsrc/ram_model_u40/output_verilog/umc_verilog/SZLVTLB40_20X80X1CM1b1.v
${MEISHAV100_ROOT}/hw/ip/block-nvdla-sifive/vsrc/ram_model_u40/output_verilog/umc_verilog/SZLVTLB40_245X514X1CM1b1.v
${MEISHAV100_ROOT}/hw/ip/block-nvdla-sifive/vsrc/ram_model_u40/output_verilog/umc_verilog/SZLVTLB40_248X258X1CM1b1.v
${MEISHAV100_ROOT}/hw/ip/block-nvdla-sifive/vsrc/ram_model_u40/output_verilog/umc_verilog/SZLVTLB40_256X256X1CM1b1.v
${MEISHAV100_ROOT}/hw/ip/block-nvdla-sifive/vsrc/ram_model_u40/output_verilog/umc_verilog/SZLVTLB40_256X258X1CM1b1.v
${MEISHAV100_ROOT}/hw/ip/block-nvdla-sifive/vsrc/ram_model_u40/output_verilog/umc_verilog/SZLVTLB40_256X512X1CM1b1.v
${MEISHAV100_ROOT}/hw/ip/block-nvdla-sifive/vsrc/ram_model_u40/output_verilog/umc_verilog/SZLVTLB40_32X128X1CM1b1.v
${MEISHAV100_ROOT}/hw/ip/block-nvdla-sifive/vsrc/ram_model_u40/output_verilog/umc_verilog/SZLVTLB40_32X130X1CM1b1.v
${MEISHAV100_ROOT}/hw/ip/block-nvdla-sifive/vsrc/ram_model_u40/output_verilog/umc_verilog/SZLVTLB40_32X256X1CM1b1.v
${MEISHAV100_ROOT}/hw/ip/block-nvdla-sifive/vsrc/ram_model_u40/output_verilog/umc_verilog/SZLVTLB40_32X272X1CM1b1.v
${MEISHAV100_ROOT}/hw/ip/block-nvdla-sifive/vsrc/ram_model_u40/output_verilog/umc_verilog/SZLVTLB40_32X512X1CM1b1.v
${MEISHAV100_ROOT}/hw/ip/block-nvdla-sifive/vsrc/ram_model_u40/output_verilog/umc_verilog/SZLVTLB40_32X544X1CM1b1.v
${MEISHAV100_ROOT}/hw/ip/block-nvdla-sifive/vsrc/ram_model_u40/output_verilog/umc_verilog/SZLVTLB40_32X64X1CM1b1.v
${MEISHAV100_ROOT}/hw/ip/block-nvdla-sifive/vsrc/ram_model_u40/output_verilog/umc_verilog/SZLVTLB40_32X768X1CM1b1.v
${MEISHAV100_ROOT}/hw/ip/block-nvdla-sifive/vsrc/ram_model_u40/output_verilog/umc_verilog/SZLVTLB40_4X128X1CM1b1.v
${MEISHAV100_ROOT}/hw/ip/block-nvdla-sifive/vsrc/ram_model_u40/output_verilog/umc_verilog/SZLVTLB40_4X64X1CM1b1.v
${MEISHAV100_ROOT}/hw/ip/block-nvdla-sifive/vsrc/ram_model_u40/output_verilog/umc_verilog/SZLVTLB40_60X168X1CM1b1.v
${MEISHAV100_ROOT}/hw/ip/block-nvdla-sifive/vsrc/ram_model_u40/output_verilog/umc_verilog/SZLVTLB40_60X84X1CM1b1.v
${MEISHAV100_ROOT}/hw/ip/block-nvdla-sifive/vsrc/ram_model_u40/output_verilog/umc_verilog/SZLVTLB40_61X514X1CM1b1.v
${MEISHAV100_ROOT}/hw/ip/block-nvdla-sifive/vsrc/ram_model_u40/output_verilog/umc_verilog/SZLVTLB40_64X1024X1CM1b1.v
${MEISHAV100_ROOT}/hw/ip/block-nvdla-sifive/vsrc/ram_model_u40/output_verilog/umc_verilog/SZLVTLB40_64X1088X1CM1b1.v
${MEISHAV100_ROOT}/hw/ip/block-nvdla-sifive/vsrc/ram_model_u40/output_verilog/umc_verilog/SZLVTLB40_64X116X1CM1b1.v
${MEISHAV100_ROOT}/hw/ip/block-nvdla-sifive/vsrc/ram_model_u40/output_verilog/umc_verilog/SZLVTLB40_64X128X1CM1b1.v
${MEISHAV100_ROOT}/hw/ip/block-nvdla-sifive/vsrc/ram_model_u40/output_verilog/umc_verilog/SZLVTLB40_64X130X1CM1b1.v
${MEISHAV100_ROOT}/hw/ip/block-nvdla-sifive/vsrc/ram_model_u40/output_verilog/umc_verilog/SZLVTLB40_64X256X1CM1b1.v
${MEISHAV100_ROOT}/hw/ip/block-nvdla-sifive/vsrc/ram_model_u40/output_verilog/umc_verilog/SZLVTLB40_64X258X1CM1b1.v
${MEISHAV100_ROOT}/hw/ip/block-nvdla-sifive/vsrc/ram_model_u40/output_verilog/umc_verilog/SZLVTLB40_64X272X1CM1b1.v
${MEISHAV100_ROOT}/hw/ip/block-nvdla-sifive/vsrc/ram_model_u40/output_verilog/umc_verilog/SZLVTLB40_64X512X1CM1b1.v
${MEISHAV100_ROOT}/hw/ip/block-nvdla-sifive/vsrc/ram_model_u40/output_verilog/umc_verilog/SZLVTLB40_64X64X1CM1b1.v
${MEISHAV100_ROOT}/hw/ip/block-nvdla-sifive/vsrc/ram_model_u40/output_verilog/umc_verilog/SZLVTLB40_64X66X1CM1b1.v
${MEISHAV100_ROOT}/hw/ip/block-nvdla-sifive/vsrc/ram_model_u40/output_verilog/umc_verilog/SZLVTLB40_80X256X1CM1b1.v
${MEISHAV100_ROOT}/hw/ip/block-nvdla-sifive/vsrc/ram_model_u40/output_verilog/umc_verilog/SZLVTLB40_80X258X1CM1b1.v
${MEISHAV100_ROOT}/hw/ip/block-nvdla-sifive/vsrc/ram_model_u40/output_verilog/umc_verilog/SZLVTLB40_80X514X1CM1b1.v
${MEISHAV100_ROOT}/hw/ip/block-nvdla-sifive/vsrc/ram_model_u40/output_verilog/umc_verilog/SZLVTLB40_8X130X1CM1b1.v
${MEISHAV100_ROOT}/hw/ip/block-nvdla-sifive/vsrc/ram_model_u40/output_verilog/umc_verilog/SZLVTLB40_8X258X1CM1b1.v
${MEISHAV100_ROOT}/hw/ip/block-nvdla-sifive/vsrc/ram_model_u40/output_verilog/umc_verilog/SZLVTLB40_8X66X1CM1b1.v
${MEISHAV100_ROOT}/hw/ip/block-nvdla-sifive/vsrc/ram_model_u40/output_verilog/umc_verilog/SZLVTLL40_128X11X1CM4b1.v
${MEISHAV100_ROOT}/hw/ip/block-nvdla-sifive/vsrc/ram_model_u40/output_verilog/umc_verilog/SZLVTLL40_128X128X1CM2b1.v
${MEISHAV100_ROOT}/hw/ip/block-nvdla-sifive/vsrc/ram_model_u40/output_verilog/umc_verilog/SZLVTLL40_128X18X1CM2b1.v
${MEISHAV100_ROOT}/hw/ip/block-nvdla-sifive/vsrc/ram_model_u40/output_verilog/umc_verilog/SZLVTLL40_128X32X1CM2b1.v
${MEISHAV100_ROOT}/hw/ip/block-nvdla-sifive/vsrc/ram_model_u40/output_verilog/umc_verilog/SZLVTLL40_128X60X1CM2b1.v
${MEISHAV100_ROOT}/hw/ip/block-nvdla-sifive/vsrc/ram_model_u40/output_verilog/umc_verilog/SZLVTLL40_128X64X1CM2b1.v
${MEISHAV100_ROOT}/hw/ip/block-nvdla-sifive/vsrc/ram_model_u40/output_verilog/umc_verilog/SZLVTLL40_128X6X1CM4b1.v
${MEISHAV100_ROOT}/hw/ip/block-nvdla-sifive/vsrc/ram_model_u40/output_verilog/umc_verilog/SZLVTLL40_160X16X1CM4b1.v
${MEISHAV100_ROOT}/hw/ip/block-nvdla-sifive/vsrc/ram_model_u40/output_verilog/umc_verilog/SZLVTLL40_160X65X1CM2b1.v
${MEISHAV100_ROOT}/hw/ip/block-nvdla-sifive/vsrc/ram_model_u40/output_verilog/umc_verilog/SZLVTLL40_16X14X1CM2b1.v
${MEISHAV100_ROOT}/hw/ip/block-nvdla-sifive/vsrc/ram_model_u40/output_verilog/umc_verilog/SZLVTLL40_16X16X1CM2b1.v
${MEISHAV100_ROOT}/hw/ip/block-nvdla-sifive/vsrc/ram_model_u40/output_verilog/umc_verilog/SZLVTLL40_24X16X1CM2b1.v
${MEISHAV100_ROOT}/hw/ip/block-nvdla-sifive/vsrc/ram_model_u40/output_verilog/umc_verilog/SZLVTLL40_24X32X1CM2b1.v
${MEISHAV100_ROOT}/hw/ip/block-nvdla-sifive/vsrc/ram_model_u40/output_verilog/umc_verilog/SZLVTLL40_24X4X1CM2b1.v
${MEISHAV100_ROOT}/hw/ip/block-nvdla-sifive/vsrc/ram_model_u40/output_verilog/umc_verilog/SZLVTLL40_24X8X1CM2b1.v
${MEISHAV100_ROOT}/hw/ip/block-nvdla-sifive/vsrc/ram_model_u40/output_verilog/umc_verilog/SZLVTLL40_256X11X1CM4b1.v
${MEISHAV100_ROOT}/hw/ip/block-nvdla-sifive/vsrc/ram_model_u40/output_verilog/umc_verilog/SZLVTLL40_256X128X1CM2b1.v
${MEISHAV100_ROOT}/hw/ip/block-nvdla-sifive/vsrc/ram_model_u40/output_verilog/umc_verilog/SZLVTLL40_256X14X1CM4b1.v
${MEISHAV100_ROOT}/hw/ip/block-nvdla-sifive/vsrc/ram_model_u40/output_verilog/umc_verilog/SZLVTLL40_256X16X1CM4b1.v
${MEISHAV100_ROOT}/hw/ip/block-nvdla-sifive/vsrc/ram_model_u40/output_verilog/umc_verilog/SZLVTLL40_256X3X1CM8b1.v
${MEISHAV100_ROOT}/hw/ip/block-nvdla-sifive/vsrc/ram_model_u40/output_verilog/umc_verilog/SZLVTLL40_256X64X1CM2b1.v
${MEISHAV100_ROOT}/hw/ip/block-nvdla-sifive/vsrc/ram_model_u40/output_verilog/umc_verilog/SZLVTLL40_256X7X1CM4b1.v
${MEISHAV100_ROOT}/hw/ip/block-nvdla-sifive/vsrc/ram_model_u40/output_verilog/umc_verilog/SZLVTLL40_256X8X1CM4b1.v
${MEISHAV100_ROOT}/hw/ip/block-nvdla-sifive/vsrc/ram_model_u40/output_verilog/umc_verilog/SZLVTLL40_32X16X1CM2b1.v
${MEISHAV100_ROOT}/hw/ip/block-nvdla-sifive/vsrc/ram_model_u40/output_verilog/umc_verilog/SZLVTLL40_32X32X1CM2b1.v
${MEISHAV100_ROOT}/hw/ip/block-nvdla-sifive/vsrc/ram_model_u40/output_verilog/umc_verilog/SZLVTLL40_512X128X1CM2b1.v
${MEISHAV100_ROOT}/hw/ip/block-nvdla-sifive/vsrc/ram_model_u40/output_verilog/umc_verilog/SZLVTLL40_512X256X1CM2b1.v
${MEISHAV100_ROOT}/hw/ip/block-nvdla-sifive/vsrc/ram_model_u40/output_verilog/umc_verilog/SZLVTLL40_512X512X1CM2b1.v
${MEISHAV100_ROOT}/hw/ip/block-nvdla-sifive/vsrc/ram_model_u40/output_verilog/umc_verilog/SZLVTLL40_512X64X1CM2b1.v
${MEISHAV100_ROOT}/hw/ip/block-nvdla-sifive/vsrc/ram_model_u40/output_verilog/umc_verilog/SZLVTLL40_64X10X1CM4b1.v
${MEISHAV100_ROOT}/hw/ip/block-nvdla-sifive/vsrc/ram_model_u40/output_verilog/umc_verilog/SZLVTLL40_64X14X1CM4b1.v
${MEISHAV100_ROOT}/hw/ip/block-nvdla-sifive/vsrc/ram_model_u40/output_verilog/umc_verilog/SZLVTLL40_64X16X1CM4b1.v
${MEISHAV100_ROOT}/hw/ip/block-nvdla-sifive/vsrc/ram_model_u40/output_verilog/umc_verilog/SZLVTLL40_64X18X1CM4b1.v
${MEISHAV100_ROOT}/hw/ip/block-nvdla-sifive/vsrc/ram_model_u40/output_verilog/umc_verilog/SZLVTLL40_64X21X1CM4b1.v
${MEISHAV100_ROOT}/hw/ip/block-nvdla-sifive/vsrc/ram_model_u40/output_verilog/umc_verilog/SZLVTLL40_64X32X1CM2b1.v
${MEISHAV100_ROOT}/hw/ip/block-nvdla-sifive/vsrc/ram_model_u40/output_verilog/umc_verilog/SZLVTLL40_64X42X1CM2b1.v
${MEISHAV100_ROOT}/hw/ip/block-nvdla-sifive/vsrc/ram_model_u40/output_verilog/umc_verilog/SZLVTLL40_80X14X1CM4b1.v
${MEISHAV100_ROOT}/hw/ip/block-nvdla-sifive/vsrc/ram_model_u40/output_verilog/umc_verilog/SZLVTLL40_80X15X1CM4b1.v
${MEISHAV100_ROOT}/hw/ip/block-nvdla-sifive/vsrc/ram_model_u40/output_verilog/umc_verilog/SZLVTLL40_80X16X1CM4b1.v
${MEISHAV100_ROOT}/hw/ip/block-nvdla-sifive/vsrc/ram_model_u40/output_verilog/umc_verilog/SZLVTLL40_80X17X1CM4b1.v
${MEISHAV100_ROOT}/hw/ip/block-nvdla-sifive/vsrc/ram_model_u40/output_verilog/umc_verilog/SZLVTLL40_80X18X1CM4b1.v
${MEISHAV100_ROOT}/hw/ip/block-nvdla-sifive/vsrc/ram_model_u40/output_verilog/umc_verilog/SZLVTLL40_80X36X1CM2b1.v
${MEISHAV100_ROOT}/hw/ip/block-nvdla-sifive/vsrc/ram_model_u40/output_verilog/umc_verilog/SZLVTLL40_80X65X1CM2b1.v
${MEISHAV100_ROOT}/hw/ip/block-nvdla-sifive/vsrc/ram_model_u40/output_verilog/umc_verilog/SZLVTLL40_80X72X1CM2b1.v
${MEISHAV100_ROOT}/hw/ip/block-nvdla-sifive/vsrc/ram_model_u40/output_verilog/umc_verilog/SZLVTLL40_80X9X1CM4b1.v